// Jest Snapshot v1, https://goo.gl/fbAQLP

exports[`assign.py 1`] = `
a = 12

b = 14

a, b = b, a

a = b, c = 1, 2

a = b = 1, 2

new_file_name = file_name[:-6] + extension
~~~~~~~~~~~~~~~~~~~~~~~~~~~~~~~~~~~~~~~~~~~~~~~~~~~~~~~~~~~~~~~~~~~~~~~~~~~~~~~~
a = 12

b = 14

a, b = b, a

a = b, c = 1, 2

a = b = (1, 2)

new_file_name = file_name[:-6] + extension

`;

exports[`assign.py 2`] = `
a = 12

b = 14

a, b = b, a

a = b, c = 1, 2

a = b = 1, 2

new_file_name = file_name[:-6] + extension
~~~~~~~~~~~~~~~~~~~~~~~~~~~~~~~~~~~~~~~~~~~~~~~~~~~~~~~~~~~~~~~~~~~~~~~~~~~~~~~~
a = 12

b = 14

a, b = b, a

a = b, c = 1, 2

a = b = (1, 2)

new_file_name = file_name[:-6] + extension

`;
