// Jest Snapshot v1, https://goo.gl/fbAQLP

exports[`default_args.py 1`] = `
def hello(x, a=123, b = 456):
    print("hello world", a)
~~~~~~~~~~~~~~~~~~~~~~~~~~~~~~~~~~~~~~~~~~~~~~~~~~~~~~~~~~~~~~~~~~~~~~~~~~~~~~~
def hello(x, a=123, b=456):
    print("hello world", a)

`;
