// Jest Snapshot v1, https://goo.gl/fbAQLP

exports[`float.py 1`] = `
b = 3.75
~~~~~~~~~~~~~~~~~~~~~~~~~~~~~~~~~~~~~~~~~~~~~~~~~~~~~~~~~~~~~~~~~~~~~~~~~~~~~~~
b = 3.75

`;
