// Jest Snapshot v1, https://goo.gl/fbAQLP

exports[`list_comp.py 1`] = `
[x for x in range(100)]
[x for x in range(100) if x % 2 == 0]
~~~~~~~~~~~~~~~~~~~~~~~~~~~~~~~~~~~~~~~~~~~~~~~~~~~~~~~~~~~~~~~~~~~~~~~~~~~~~~~
[x for x in range(100)]

[x for x in range(100) if x % 2 == 0]

`;
