// Jest Snapshot v1, https://goo.gl/fbAQLP

exports[`subscript.py 1`] = `
a = [1, [2, 2], 3]

a[0]
a[0:1]
a[0:-1]
a[-1]
a[0:-1:2]
a[1][0]
a[::-1]

c = {'a': 3}

c['a']
~~~~~~~~~~~~~~~~~~~~~~~~~~~~~~~~~~~~~~~~~~~~~~~~~~~~~~~~~~~~~~~~~~~~~~~~~~~~~~~
a = [1, [2, 2], 3]

a[0]

a[0:1]

a[0:-1]

a[-1]

a[0:-1:2]

a[1][0]

a[::-1]

c = {"a": 3}

c["a"]

`;
