// Jest Snapshot v1, https://goo.gl/fbAQLP

exports[`while.py 1`] = `
while True:
    print(10)
~~~~~~~~~~~~~~~~~~~~~~~~~~~~~~~~~~~~~~~~~~~~~~~~~~~~~~~~~~~~~~~~~~~~~~~~~~~~~~~
while True:
    print(10)

`;
