// Jest Snapshot v1, https://goo.gl/fbAQLP

exports[`args_mixed.py 1`] = `
def hello(a, example=False, **kwargs):
    print("hello world", example)


def i18n_patterns(*urls, prefix_default_language=True):
    pass
~~~~~~~~~~~~~~~~~~~~~~~~~~~~~~~~~~~~~~~~~~~~~~~~~~~~~~~~~~~~~~~~~~~~~~~~~~~~~~~~
def hello(a, example=False, **kwargs):
    print("hello world", example)


def i18n_patterns(*urls, prefix_default_language=True):
    pass

`;

exports[`args_mixed.py 2`] = `
def hello(a, example=False, **kwargs):
    print("hello world", example)


def i18n_patterns(*urls, prefix_default_language=True):
    pass
~~~~~~~~~~~~~~~~~~~~~~~~~~~~~~~~~~~~~~~~~~~~~~~~~~~~~~~~~~~~~~~~~~~~~~~~~~~~~~~~
def hello(a, example=False, **kwargs):
    print("hello world", example)


def i18n_patterns(*urls, prefix_default_language=True):
    pass

`;
