// Jest Snapshot v1, https://goo.gl/fbAQLP

exports[`yield.py 1`] = `
def example(first):
    if False:
        yield

    yield first


def should_wrap():
    yield very_long_variable_name_aaaaaaaaaaaaaaaaaaaaaaaaaaaaaaaaaaaaaaaaaaaaaaaaaaaaaaaaaaaaaaaaaaaaaaaaaaaaaaaaaaaaaaaaaa


def should_unwrap():
    yield \\
        short_variable_name
~~~~~~~~~~~~~~~~~~~~~~~~~~~~~~~~~~~~~~~~~~~~~~~~~~~~~~~~~~~~~~~~~~~~~~~~~~~~~~~~
def example(first):
    if False:
        yield

    yield first

def should_wrap():
    yield \\
        very_long_variable_name_aaaaaaaaaaaaaaaaaaaaaaaaaaaaaaaaaaaaaaaaaaaaaaaaaaaaaaaaaaaaaaaaaaaaaaaaaaaaaaaaaaaaaaaaaa

def should_unwrap():
    yield short_variable_name

`;

exports[`yield.py 2`] = `
def example(first):
    if False:
        yield

    yield first


def should_wrap():
    yield very_long_variable_name_aaaaaaaaaaaaaaaaaaaaaaaaaaaaaaaaaaaaaaaaaaaaaaaaaaaaaaaaaaaaaaaaaaaaaaaaaaaaaaaaaaaaaaaaaa


def should_unwrap():
    yield \\
        short_variable_name
~~~~~~~~~~~~~~~~~~~~~~~~~~~~~~~~~~~~~~~~~~~~~~~~~~~~~~~~~~~~~~~~~~~~~~~~~~~~~~~~
def example(first):
    if False:
        yield

    yield first

def should_wrap():
    yield \\
        very_long_variable_name_aaaaaaaaaaaaaaaaaaaaaaaaaaaaaaaaaaaaaaaaaaaaaaaaaaaaaaaaaaaaaaaaaaaaaaaaaaaaaaaaaaaaaaaaaa

def should_unwrap():
    yield short_variable_name

`;
