// Jest Snapshot v1, https://goo.gl/fbAQLP

exports[`dict.py 1`] = `
a = {
    "a": 123,
    'b': 345
}

a = {
    "a": 123,
    'b': 345,
    'c': 345,
    'd': 345,
    'e': 345,
    'f': 345,
    'g': 345,
    'hhhhhhhhhhhhhh': 345,
}
~~~~~~~~~~~~~~~~~~~~~~~~~~~~~~~~~~~~~~~~~~~~~~~~~~~~~~~~~~~~~~~~~~~~~~~~~~~~~~~
a = {"a": 123,"b": 345}

a = {
    "a": 123,
    "b": 345,
    "c": 345,
    "d": 345,
    "e": 345,
    "f": 345,
    "g": 345,
    "hhhhhhhhhhhhhh": 345
}

`;
