// Jest Snapshot v1, https://goo.gl/fbAQLP

exports[`not_in.py 1`] = `
a not in x
a not in [1, 2]
~~~~~~~~~~~~~~~~~~~~~~~~~~~~~~~~~~~~~~~~~~~~~~~~~~~~~~~~~~~~~~~~~~~~~~~~~~~~~~~
a not in x

a not in [1, 2]

`;
