// Jest Snapshot v1, https://goo.gl/fbAQLP

exports[`args.py 1`] = `
def hello(*args):
    print("hello world", args)
~~~~~~~~~~~~~~~~~~~~~~~~~~~~~~~~~~~~~~~~~~~~~~~~~~~~~~~~~~~~~~~~~~~~~~~~~~~~~~~
def hello(*args):
    print("hello world", args)

`;
