// Jest Snapshot v1, https://goo.gl/fbAQLP

exports[`hello.py 1`] = `
def hello(x, y):
    print("hello world", x, y)
~~~~~~~~~~~~~~~~~~~~~~~~~~~~~~~~~~~~~~~~~~~~~~~~~~~~~~~~~~~~~~~~~~~~~~~~~~~~~~~
def hello(x, y):
    print("hello world", x, y)

`;
