// Jest Snapshot v1, https://goo.gl/fbAQLP

exports[`if.py 1`] = `
if x == 'none':
    print('None')
elif x == None:
    print('oh')
elif x == 12:
    print('oh')
else:
    print(123)
~~~~~~~~~~~~~~~~~~~~~~~~~~~~~~~~~~~~~~~~~~~~~~~~~~~~~~~~~~~~~~~~~~~~~~~~~~~~~~~
if x == "none":
    print("None")
elif x == None:
    print("oh")
elif x == 12:
    print("oh")
else:
    print(123)

`;
