// Jest Snapshot v1, https://goo.gl/fbAQLP

exports[`aug_assign.py 1`] = `
a = 10

a += 10

a -= 1

a *= 1

a /= 1

a //= 1

a %= 1

a **= 1

a <<= 1

a >>= 1

a &= 1

a ^= 1

a |= 1
~~~~~~~~~~~~~~~~~~~~~~~~~~~~~~~~~~~~~~~~~~~~~~~~~~~~~~~~~~~~~~~~~~~~~~~~~~~~~~~
a = 10

a += 10

a -= 1

a *= 1

a /= 1

a //= 1

a %= 1

a **= 1

a <<= 1

a >>= 1

a &= 1

a ^= 1

a |= 1

`;
