// Jest Snapshot v1, https://goo.gl/fbAQLP

exports[`try.py 1`] = `
try:
    f = open('myfile.txt')
    s = f.readline()
    i = int(s.strip())
except OSError as err:
    print("OS error: {0}".format(err))
except ValueError:
    print("Could not convert data to an integer.")
    raise ValueError
except:
    print("Unexpected error:")
    raise
finally:
    print("done")
~~~~~~~~~~~~~~~~~~~~~~~~~~~~~~~~~~~~~~~~~~~~~~~~~~~~~~~~~~~~~~~~~~~~~~~~~~~~~~~
try:
    f = open("myfile.txt")

    s = f.readline()

    i = int(s.strip())
except OSError as err:
    print("OS error: {0}".format(err))
except ValueError:
    print("Could not convert data to an integer.")

    raise ValueError
except:
    print("Unexpected error:")

    raise
finally:
    print("done")

`;
